{
	"message": "One or more validation errors occurred.",
	"issues": [
		"requires property \"creditcard\"",
		"requires property \"session\"",
		"requires property \"product_schedules\""
	]
}
