{
	"session": "668ad918-0d09-4116-a6fe-0e8a9eda36f7",
	"product_schedules": [
		"12529a17-ac32-4e46-b05b-83862843055d"
	],
	"creditcard":{
		"number": "4111111111111111",
		"type": "sale",
		"expiration": "1025",
		"ccv": "999",
		"name": "Rama Damunaste",
		"address": {
			"line1": "10 Skid Rw.",
			"line2": "Suite 100",
			"city": "Portland",
			"state": "Oregon",
			"zip": "97213",
			"country": "USA"
		}
	}
}
