{
	"message": "One or more validation errors occurred.",
	"issues": [
		"requires property \"campaign\""
	]
}
