{
	"customer":{
		"firstname": "Rama",
		"lastname": "Damunaste",
		"email": "rama@damunaste.org",
		"phone": "1234567890",
		"billing": {
			"line1": "10 Downing St.",
			"city": "Detroit",
			"state": "Michigan",
			"zip": "12345",
			"country": "US"
		},
		"address": {
			"line1": "334 Lombard St.",
			"line2": "Apartment 2",
			"city": "Portland",
			"state": "Oregon",
			"zip": "97203",
			"country": "US"
		}
	},
	"campaign": "70a6689a-5814-438b-b9fd-dd484d0812f9",
	"affiliates":{
		"affiliate":"6b6331f6-7f84-437a-9ac6-093ba301e455"
	}
}
