{
	"message": "One or more validation errors occurred.",
	"issues": [
		"requires property \"campaign\"",
    "requires property \"customer\"",
		"\"email\" field must be an email address."
	]
}
