{
	"message": "Success",
	"results": {
		"rebill_id": "scrubbed",
		"processor_response": {
			"message": "Success",
			"results": {
				"response": "1",
				"responsetext": "SUCCESS",
				"authcode": "123456",
				"transactionid": "scrubbed",
				"avsresponse": "N",
				"cvvresponse": "",
				"orderid": "",
				"type": "sale",
				"response_code": "100"
			}
		},
		"amount": 4.99,
		"date": "scrubbed",
		"products": [
			{
				"amount": "4.99",
				"product": "616cc994-9480-4640-b26c-03810a679fe3"
			}
		],
		"id": "scrubbed"
	}
}